EXECUTE ACTION LOOP - FAIL

Mode: execute
Executed actions: 8 / 260
Reason: max_total_actions_reached

Summary:
  Proposed actions: 260
  Actual click attempts: 8
  Actions executed: 8
  Hover checks: 10
  Skips: unsafe geometry=250 hover mismatch=1 stale client tick=0 suppressed targets=0 no-progress suppressions=0
  Navigation: occluded waypoints=1 alternate attempts=0 camera adjustments=1 edge rejects=6 edge camera=6 volatile skips=0 menu flips=0
  Route stability: motion waits=0 replan suppressed=0 oscillation=0 backtracking=0 barrier=0
  Route transitions: attempts=0 firstTry=0 pending=0 retryRequired=0 retrySuccess=0 reconciled=0 trueTimeouts=0
  Successful actions: 8
  Timeouts: 0 unresolved=0 trueUnresolved=0 classifications={'resource_timeout_reconciled_success': 6}
  Timeout details: reasons={'resource_timeout_reconciled_success': 6} actions={} intents={} recoveredBy={'delayed_progress_reconciliation': 6} resolvedByRetry=0 resolvedByLateEvidence=6 pendingButSafe=0
  Delayed reconciliations: 6 resource timeout recoveries=6
  Inventory changes: 7
  Inventory free slots: 7 -> 0
  Resource count: 8 -> 15
  Progress: 0 -> 7
  Lifecycle cycles: started=1 completed=0 serviceComplete=0 returnComplete=0 post-service logs=0
  Hover confirms: 9 pass / 1 fail
  Hover failures: cancel=0 Walk here=0 stale=0 volatile=0
  Menu clicks: 8 expected / 0 Walk here / 0 Cancel
  Hover latency ms: min=1 avg=128.6 max=333
  Pacing delays ms: count=0 min=None avg=None max=None
  Input profile: steady | mouse move avg ms=404.273 click hold avg ms=82.0 reaction avg ms=None
  Camera hold ms: min=280 avg=396.692 max=678 switches=11
  Direct backend bypasses: 0
  Debug screenshots: captured=8 failures=0 skippedByLimit=0
  Reacquire waits: 0 (0 ms)
  Final reconcile: none (3000 ms, 8 ticks)
  Final cycle stage: pathing_to_service
  Final phase/intent: inventory_full / needs_service
  Last observed signals: destination_distance_changed, destination_distance_decreased, path_target_distance_changed, path_target_distance_decreased, service_distance_changed, service_distance_decreased, final_approach_distance_changed, final_approach_distance_decreased, player_tile_changed, service_ready

Actions:
  1. select_resource_target -> Tree
     command: {'type': 'move', 'pointCount': 31, 'clickPoint': {'x': 4891, 'y': 438, 'timestampMs': 612}}
     expected: wait_for_result_or_activity
     observed: no_click_safety_skip
     outcome: skipped complete=True
     lifecycle: blocked reason=execution_failed
  2. select_resource_target -> Tree
     command: {'type': 'move', 'pointCount': 30, 'clickPoint': {'x': 4891, 'y': 438, 'timestampMs': 140}}
     expected: wait_for_result_or_activity
     observed: inventory_changed
     outcome: success complete=True
     lifecycle: verified reason=success
  3. select_resource_target -> Tree
     command: {'type': 'move', 'pointCount': 31, 'clickPoint': {'x': 4359, 'y': 481, 'timestampMs': 658}}
     expected: wait_for_result_or_activity
     observed: inventory_changed
     outcome: success complete=True
     lifecycle: verified reason=success
  4. select_resource_target -> Tree
     command: {'type': 'move', 'pointCount': 31, 'clickPoint': {'x': 4512, 'y': 452, 'timestampMs': 494}}
     expected: wait_for_result_or_activity
     observed: inventory_changed
     outcome: success complete=True
     lifecycle: verified reason=success
  5. select_resource_target -> Tree
     command: {'type': 'move', 'pointCount': 26, 'clickPoint': {'x': 4512, 'y': 452, 'timestampMs': 140}}
     expected: wait_for_result_or_activity
     observed: inventory_changed
     outcome: success complete=True
     lifecycle: verified reason=success
  6. select_resource_target -> Tree
     command: {'type': 'move', 'pointCount': 27, 'clickPoint': {'x': 4512, 'y': 452, 'timestampMs': 140}}
     expected: wait_for_result_or_activity
     observed: inventory_changed
     outcome: success complete=True
     lifecycle: verified reason=success
  7. select_resource_target -> Tree
     command: {'type': 'move', 'pointCount': 31, 'clickPoint': {'x': 4893, 'y': 438, 'timestampMs': 612}}
     expected: wait_for_result_or_activity
     observed: inventory_changed
     outcome: success complete=True
     lifecycle: verified reason=success
  8. select_resource_target -> Tree
     command: {'type': 'move', 'pointCount': 31, 'clickPoint': {'x': 4359, 'y': 481, 'timestampMs': 658}}
     expected: wait_for_result_or_activity
     observed: no_click_safety_skip
     outcome: skipped complete=True
     lifecycle: blocked reason=hover_confirm_timeout
  9. select_resource_target -> Tree
     command: {'type': 'move', 'pointCount': 30, 'clickPoint': {'x': 4359, 'y': 481, 'timestampMs': 140}}
     expected: wait_for_result_or_activity
     observed: inventory_changed
     outcome: success complete=True
     lifecycle: verified reason=success
  10. navigate_to_service -> Lumbridge Castle first stairs search area
     command: {'type': 'move', 'pointCount': 31, 'clickPoint': {'x': 4555, 'y': 555, 'timestampMs': 533}}
     expected: service_navigation_progress
     observed: service_navigation_reached_node
     outcome: progress complete=True
     lifecycle: verified reason=progress
  11. navigate_to_service -> Lumbridge Castle first stairs search area
     command: none
     expected: service_navigation_progress
     observed: no_click_safety_skip
     outcome: skipped complete=True
     lifecycle: blocked reason=click_point_unavailable
  12. navigate_to_service -> Lumbridge Castle first stairs search area
     command: none
     expected: service_navigation_progress
     observed: no_click_safety_skip
     outcome: skipped complete=True
     lifecycle: blocked reason=click_point_unavailable
  13. navigate_to_service -> Lumbridge Castle first stairs search area
     command: none
     expected: service_navigation_progress
     observed: no_click_safety_skip
     outcome: skipped complete=True
     lifecycle: blocked reason=click_point_unavailable
  14. navigate_to_service -> Lumbridge Castle first stairs search area
     command: none
     expected: service_navigation_progress
     observed: no_click_safety_skip
     outcome: skipped complete=True
     lifecycle: blocked reason=click_point_unavailable
  15. navigate_to_service -> Lumbridge Castle first stairs search area
     command: none
     expected: service_navigation_progress
     observed: no_click_safety_skip
     outcome: skipped complete=True
     lifecycle: blocked reason=click_point_unavailable
  16. navigate_to_service -> Lumbridge Castle first stairs search area
     command: none
     expected: service_navigation_progress
     observed: no_click_safety_skip
     outcome: skipped complete=True
     lifecycle: blocked reason=click_point_unavailable
  17. navigate_to_service -> Lumbridge Castle first stairs search area
     command: none
     expected: service_navigation_progress
     observed: no_click_safety_skip
     outcome: skipped complete=True
     lifecycle: blocked reason=click_point_unavailable
  18. navigate_to_service -> Lumbridge Castle first stairs search area
     command: none
     expected: service_navigation_progress
     observed: no_click_safety_skip
     outcome: skipped complete=True
     lifecycle: blocked reason=click_point_unavailable
  19. navigate_to_service -> Lumbridge Castle first stairs search area
     command: none
     expected: service_navigation_progress
     observed: no_click_safety_skip
     outcome: skipped complete=True
     lifecycle: blocked reason=click_point_unavailable
  20. navigate_to_service -> Lumbridge Castle first stairs search area
     command: none
     expected: service_navigation_progress
     observed: no_click_safety_skip
     outcome: skipped complete=True
     lifecycle: blocked reason=click_point_unavailable
  21. navigate_to_service -> Lumbridge Castle first stairs search area
     command: none
     expected: service_navigation_progress
     observed: no_click_safety_skip
     outcome: skipped complete=True
     lifecycle: blocked reason=click_point_unavailable
  22. navigate_to_service -> Lumbridge Castle first stairs search area
     command: none
     expected: service_navigation_progress
     observed: no_click_safety_skip
     outcome: skipped complete=True
     lifecycle: blocked reason=click_point_unavailable
  23. navigate_to_service -> Lumbridge Castle first stairs search area
     command: none
     expected: service_navigation_progress
     observed: no_click_safety_skip
     outcome: skipped complete=True
     lifecycle: blocked reason=click_point_unavailable
  24. navigate_to_service -> Lumbridge Castle first stairs search area
     command: none
     expected: service_navigation_progress
     observed: no_click_safety_skip
     outcome: skipped complete=True
     lifecycle: blocked reason=click_point_unavailable
  25. navigate_to_service -> Lumbridge Castle first stairs search area
     command: none
     expected: service_navigation_progress
     observed: no_click_safety_skip
     outcome: skipped complete=True
     lifecycle: blocked reason=click_point_unavailable
  26. navigate_to_service -> Lumbridge Castle first stairs search area
     command: none
     expected: service_navigation_progress
     observed: no_click_safety_skip
     outcome: skipped complete=True
     lifecycle: blocked reason=click_point_unavailable
  27. navigate_to_service -> Lumbridge Castle first stairs search area
     command: none
     expected: service_navigation_progress
     observed: no_click_safety_skip
     outcome: skipped complete=True
     lifecycle: blocked reason=click_point_unavailable
  28. navigate_to_service -> Lumbridge Castle first stairs search area
     command: none
     expected: service_navigation_progress
     observed: no_click_safety_skip
     outcome: skipped complete=True
     lifecycle: blocked reason=click_point_unavailable
  29. navigate_to_service -> Lumbridge Castle first stairs search area
     command: none
     expected: service_navigation_progress
     observed: no_click_safety_skip
     outcome: skipped complete=True
     lifecycle: blocked reason=click_point_unavailable
  30. navigate_to_service -> Lumbridge Castle first stairs search area
     command: none
     expected: service_navigation_progress
     observed: no_click_safety_skip
     outcome: skipped complete=True
     lifecycle: blocked reason=click_point_unavailable
  31. navigate_to_service -> Lumbridge Castle first stairs search area
     command: none
     expected: service_navigation_progress
     observed: no_click_safety_skip
     outcome: skipped complete=True
     lifecycle: blocked reason=click_point_unavailable
  32. navigate_to_service -> Lumbridge Castle first stairs search area
     command: none
     expected: service_navigation_progress
     observed: no_click_safety_skip
     outcome: skipped complete=True
     lifecycle: blocked reason=click_point_unavailable
  33. navigate_to_service -> Lumbridge Castle first stairs search area
     command: none
     expected: service_navigation_progress
     observed: no_click_safety_skip
     outcome: skipped complete=True
     lifecycle: blocked reason=click_point_unavailable
  34. navigate_to_service -> Lumbridge Castle first stairs search area
     command: none
     expected: service_navigation_progress
     observed: no_click_safety_skip
     outcome: skipped complete=True
     lifecycle: blocked reason=click_point_unavailable
  35. navigate_to_service -> Lumbridge Castle first stairs search area
     command: none
     expected: service_navigation_progress
     observed: no_click_safety_skip
     outcome: skipped complete=True
     lifecycle: blocked reason=click_point_unavailable
  36. navigate_to_service -> Lumbridge Castle first stairs search area
     command: none
     expected: service_navigation_progress
     observed: no_click_safety_skip
     outcome: skipped complete=True
     lifecycle: blocked reason=click_point_unavailable
  37. navigate_to_service -> Lumbridge Castle first stairs search area
     command: none
     expected: service_navigation_progress
     observed: no_click_safety_skip
     outcome: skipped complete=True
     lifecycle: blocked reason=click_point_unavailable
  38. navigate_to_service -> Lumbridge Castle first stairs search area
     command: none
     expected: service_navigation_progress
     observed: no_click_safety_skip
     outcome: skipped complete=True
     lifecycle: blocked reason=click_point_unavailable
  39. navigate_to_service -> Lumbridge Castle first stairs search area
     command: none
     expected: service_navigation_progress
     observed: no_click_safety_skip
     outcome: skipped complete=True
     lifecycle: blocked reason=click_point_unavailable
  40. navigate_to_service -> Lumbridge Castle first stairs search area
     command: none
     expected: service_navigation_progress
     observed: no_click_safety_skip
     outcome: skipped complete=True
     lifecycle: blocked reason=click_point_unavailable
  41. navigate_to_service -> Lumbridge Castle first stairs search area
     command: none
     expected: service_navigation_progress
     observed: no_click_safety_skip
     outcome: skipped complete=True
     lifecycle: blocked reason=click_point_unavailable
  42. navigate_to_service -> Lumbridge Castle first stairs search area
     command: none
     expected: service_navigation_progress
     observed: no_click_safety_skip
     outcome: skipped complete=True
     lifecycle: blocked reason=click_point_unavailable
  43. navigate_to_service -> Lumbridge Castle first stairs search area
     command: none
     expected: service_navigation_progress
     observed: no_click_safety_skip
     outcome: skipped complete=True
     lifecycle: blocked reason=click_point_unavailable
  44. navigate_to_service -> Lumbridge Castle first stairs search area
     command: none
     expected: service_navigation_progress
     observed: no_click_safety_skip
     outcome: skipped complete=True
     lifecycle: blocked reason=click_point_unavailable
  45. navigate_to_service -> Lumbridge Castle first stairs search area
     command: none
     expected: service_navigation_progress
     observed: no_click_safety_skip
     outcome: skipped complete=True
     lifecycle: blocked reason=click_point_unavailable
  46. navigate_to_service -> Lumbridge Castle first stairs search area
     command: none
     expected: service_navigation_progress
     observed: no_click_safety_skip
     outcome: skipped complete=True
     lifecycle: blocked reason=click_point_unavailable
  47. navigate_to_service -> Lumbridge Castle first stairs search area
     command: none
     expected: service_navigation_progress
     observed: no_click_safety_skip
     outcome: skipped complete=True
     lifecycle: blocked reason=click_point_unavailable
  48. navigate_to_service -> Lumbridge Castle first stairs search area
     command: none
     expected: service_navigation_progress
     observed: no_click_safety_skip
     outcome: skipped complete=True
     lifecycle: blocked reason=click_point_unavailable
  49. navigate_to_service -> Lumbridge Castle first stairs search area
     command: none
     expected: service_navigation_progress
     observed: no_click_safety_skip
     outcome: skipped complete=True
     lifecycle: blocked reason=click_point_unavailable
  50. navigate_to_service -> Lumbridge Castle first stairs search area
     command: none
     expected: service_navigation_progress
     observed: no_click_safety_skip
     outcome: skipped complete=True
     lifecycle: blocked reason=click_point_unavailable
  51. navigate_to_service -> Lumbridge Castle first stairs search area
     command: none
     expected: service_navigation_progress
     observed: no_click_safety_skip
     outcome: skipped complete=True
     lifecycle: blocked reason=click_point_unavailable
  52. navigate_to_service -> Lumbridge Castle first stairs search area
     command: none
     expected: service_navigation_progress
     observed: no_click_safety_skip
     outcome: skipped complete=True
     lifecycle: blocked reason=click_point_unavailable
  53. navigate_to_service -> Lumbridge Castle first stairs search area
     command: none
     expected: service_navigation_progress
     observed: no_click_safety_skip
     outcome: skipped complete=True
     lifecycle: blocked reason=click_point_unavailable
  54. navigate_to_service -> Lumbridge Castle first stairs search area
     command: none
     expected: service_navigation_progress
     observed: no_click_safety_skip
     outcome: skipped complete=True
     lifecycle: blocked reason=click_point_unavailable
  55. navigate_to_service -> Lumbridge Castle first stairs search area
     command: none
     expected: service_navigation_progress
     observed: no_click_safety_skip
     outcome: skipped complete=True
     lifecycle: blocked reason=click_point_unavailable
  56. navigate_to_service -> Lumbridge Castle first stairs search area
     command: none
     expected: service_navigation_progress
     observed: no_click_safety_skip
     outcome: skipped complete=True
     lifecycle: blocked reason=click_point_unavailable
  57. navigate_to_service -> Lumbridge Castle first stairs search area
     command: none
     expected: service_navigation_progress
     observed: no_click_safety_skip
     outcome: skipped complete=True
     lifecycle: blocked reason=click_point_unavailable
  58. navigate_to_service -> Lumbridge Castle first stairs search area
     command: none
     expected: service_navigation_progress
     observed: no_click_safety_skip
     outcome: skipped complete=True
     lifecycle: blocked reason=click_point_unavailable
  59. navigate_to_service -> Lumbridge Castle first stairs search area
     command: none
     expected: service_navigation_progress
     observed: no_click_safety_skip
     outcome: skipped complete=True
     lifecycle: blocked reason=click_point_unavailable
  60. navigate_to_service -> Lumbridge Castle first stairs search area
     command: none
     expected: service_navigation_progress
     observed: no_click_safety_skip
     outcome: skipped complete=True
     lifecycle: blocked reason=click_point_unavailable
  61. navigate_to_service -> Lumbridge Castle first stairs search area
     command: none
     expected: service_navigation_progress
     observed: no_click_safety_skip
     outcome: skipped complete=True
     lifecycle: blocked reason=click_point_unavailable
  62. navigate_to_service -> Lumbridge Castle first stairs search area
     command: none
     expected: service_navigation_progress
     observed: no_click_safety_skip
     outcome: skipped complete=True
     lifecycle: blocked reason=click_point_unavailable
  63. navigate_to_service -> Lumbridge Castle first stairs search area
     command: none
     expected: service_navigation_progress
     observed: no_click_safety_skip
     outcome: skipped complete=True
     lifecycle: blocked reason=click_point_unavailable
  64. navigate_to_service -> Lumbridge Castle first stairs search area
     command: none
     expected: service_navigation_progress
     observed: no_click_safety_skip
     outcome: skipped complete=True
     lifecycle: blocked reason=click_point_unavailable
  65. navigate_to_service -> Lumbridge Castle first stairs search area
     command: none
     expected: service_navigation_progress
     observed: no_click_safety_skip
     outcome: skipped complete=True
     lifecycle: blocked reason=click_point_unavailable
  66. navigate_to_service -> Lumbridge Castle first stairs search area
     command: none
     expected: service_navigation_progress
     observed: no_click_safety_skip
     outcome: skipped complete=True
     lifecycle: blocked reason=click_point_unavailable
  67. navigate_to_service -> Lumbridge Castle first stairs search area
     command: none
     expected: service_navigation_progress
     observed: no_click_safety_skip
     outcome: skipped complete=True
     lifecycle: blocked reason=click_point_unavailable
  68. navigate_to_service -> Lumbridge Castle first stairs search area
     command: none
     expected: service_navigation_progress
     observed: no_click_safety_skip
     outcome: skipped complete=True
     lifecycle: blocked reason=click_point_unavailable
  69. navigate_to_service -> Lumbridge Castle first stairs search area
     command: none
     expected: service_navigation_progress
     observed: no_click_safety_skip
     outcome: skipped complete=True
     lifecycle: blocked reason=click_point_unavailable
  70. navigate_to_service -> Lumbridge Castle first stairs search area
     command: none
     expected: service_navigation_progress
     observed: no_click_safety_skip
     outcome: skipped complete=True
     lifecycle: blocked reason=click_point_unavailable
  71. navigate_to_service -> Lumbridge Castle first stairs search area
     command: none
     expected: service_navigation_progress
     observed: no_click_safety_skip
     outcome: skipped complete=True
     lifecycle: blocked reason=click_point_unavailable
  72. navigate_to_service -> Lumbridge Castle first stairs search area
     command: none
     expected: service_navigation_progress
     observed: no_click_safety_skip
     outcome: skipped complete=True
     lifecycle: blocked reason=click_point_unavailable
  73. navigate_to_service -> Lumbridge Castle first stairs search area
     command: none
     expected: service_navigation_progress
     observed: no_click_safety_skip
     outcome: skipped complete=True
     lifecycle: blocked reason=click_point_unavailable
  74. navigate_to_service -> Lumbridge Castle first stairs search area
     command: none
     expected: service_navigation_progress
     observed: no_click_safety_skip
     outcome: skipped complete=True
     lifecycle: blocked reason=click_point_unavailable
  75. navigate_to_service -> Lumbridge Castle first stairs search area
     command: none
     expected: service_navigation_progress
     observed: no_click_safety_skip
     outcome: skipped complete=True
     lifecycle: blocked reason=click_point_unavailable
  76. navigate_to_service -> Lumbridge Castle first stairs search area
     command: none
     expected: service_navigation_progress
     observed: no_click_safety_skip
     outcome: skipped complete=True
     lifecycle: blocked reason=click_point_unavailable
  77. navigate_to_service -> Lumbridge Castle first stairs search area
     command: none
     expected: service_navigation_progress
     observed: no_click_safety_skip
     outcome: skipped complete=True
     lifecycle: blocked reason=click_point_unavailable
  78. navigate_to_service -> Lumbridge Castle first stairs search area
     command: none
     expected: service_navigation_progress
     observed: no_click_safety_skip
     outcome: skipped complete=True
     lifecycle: blocked reason=click_point_unavailable
  79. navigate_to_service -> Lumbridge Castle first stairs search area
     command: none
     expected: service_navigation_progress
     observed: no_click_safety_skip
     outcome: skipped complete=True
     lifecycle: blocked reason=click_point_unavailable
  80. navigate_to_service -> Lumbridge Castle first stairs search area
     command: none
     expected: service_navigation_progress
     observed: no_click_safety_skip
     outcome: skipped complete=True
     lifecycle: blocked reason=click_point_unavailable
  81. navigate_to_service -> Lumbridge Castle first stairs search area
     command: none
     expected: service_navigation_progress
     observed: no_click_safety_skip
     outcome: skipped complete=True
     lifecycle: blocked reason=click_point_unavailable
  82. navigate_to_service -> Lumbridge Castle first stairs search area
     command: none
     expected: service_navigation_progress
     observed: no_click_safety_skip
     outcome: skipped complete=True
     lifecycle: blocked reason=click_point_unavailable
  83. navigate_to_service -> Lumbridge Castle first stairs search area
     command: none
     expected: service_navigation_progress
     observed: no_click_safety_skip
     outcome: skipped complete=True
     lifecycle: blocked reason=click_point_unavailable
  84. navigate_to_service -> Lumbridge Castle first stairs search area
     command: none
     expected: service_navigation_progress
     observed: no_click_safety_skip
     outcome: skipped complete=True
     lifecycle: blocked reason=click_point_unavailable
  85. navigate_to_service -> Lumbridge Castle first stairs search area
     command: none
     expected: service_navigation_progress
     observed: no_click_safety_skip
     outcome: skipped complete=True
     lifecycle: blocked reason=click_point_unavailable
  86. navigate_to_service -> Lumbridge Castle first stairs search area
     command: none
     expected: service_navigation_progress
     observed: no_click_safety_skip
     outcome: skipped complete=True
     lifecycle: blocked reason=click_point_unavailable
  87. navigate_to_service -> Lumbridge Castle first stairs search area
     command: none
     expected: service_navigation_progress
     observed: no_click_safety_skip
     outcome: skipped complete=True
     lifecycle: blocked reason=click_point_unavailable
  88. navigate_to_service -> Lumbridge Castle first stairs search area
     command: none
     expected: service_navigation_progress
     observed: no_click_safety_skip
     outcome: skipped complete=True
     lifecycle: blocked reason=click_point_unavailable
  89. navigate_to_service -> Lumbridge Castle first stairs search area
     command: none
     expected: service_navigation_progress
     observed: no_click_safety_skip
     outcome: skipped complete=True
     lifecycle: blocked reason=click_point_unavailable
  90. navigate_to_service -> Lumbridge Castle first stairs search area
     command: none
     expected: service_navigation_progress
     observed: no_click_safety_skip
     outcome: skipped complete=True
     lifecycle: blocked reason=click_point_unavailable
  91. navigate_to_service -> Lumbridge Castle first stairs search area
     command: none
     expected: service_navigation_progress
     observed: no_click_safety_skip
     outcome: skipped complete=True
     lifecycle: blocked reason=click_point_unavailable
  92. navigate_to_service -> Lumbridge Castle first stairs search area
     command: none
     expected: service_navigation_progress
     observed: no_click_safety_skip
     outcome: skipped complete=True
     lifecycle: blocked reason=click_point_unavailable
  93. navigate_to_service -> Lumbridge Castle first stairs search area
     command: none
     expected: service_navigation_progress
     observed: no_click_safety_skip
     outcome: skipped complete=True
     lifecycle: blocked reason=click_point_unavailable
  94. navigate_to_service -> Lumbridge Castle first stairs search area
     command: none
     expected: service_navigation_progress
     observed: no_click_safety_skip
     outcome: skipped complete=True
     lifecycle: blocked reason=click_point_unavailable
  95. navigate_to_service -> Lumbridge Castle first stairs search area
     command: none
     expected: service_navigation_progress
     observed: no_click_safety_skip
     outcome: skipped complete=True
     lifecycle: blocked reason=click_point_unavailable
  96. navigate_to_service -> Lumbridge Castle first stairs search area
     command: none
     expected: service_navigation_progress
     observed: no_click_safety_skip
     outcome: skipped complete=True
     lifecycle: blocked reason=click_point_unavailable
  97. navigate_to_service -> Lumbridge Castle first stairs search area
     command: none
     expected: service_navigation_progress
     observed: no_click_safety_skip
     outcome: skipped complete=True
     lifecycle: blocked reason=click_point_unavailable
  98. navigate_to_service -> Lumbridge Castle first stairs search area
     command: none
     expected: service_navigation_progress
     observed: no_click_safety_skip
     outcome: skipped complete=True
     lifecycle: blocked reason=click_point_unavailable
  99. navigate_to_service -> Lumbridge Castle first stairs search area
     command: none
     expected: service_navigation_progress
     observed: no_click_safety_skip
     outcome: skipped complete=True
     lifecycle: blocked reason=click_point_unavailable
  100. navigate_to_service -> Lumbridge Castle first stairs search area
     command: none
     expected: service_navigation_progress
     observed: no_click_safety_skip
     outcome: skipped complete=True
     lifecycle: blocked reason=click_point_unavailable
  101. navigate_to_service -> Lumbridge Castle first stairs search area
     command: none
     expected: service_navigation_progress
     observed: no_click_safety_skip
     outcome: skipped complete=True
     lifecycle: blocked reason=click_point_unavailable
  102. navigate_to_service -> Lumbridge Castle first stairs search area
     command: none
     expected: service_navigation_progress
     observed: no_click_safety_skip
     outcome: skipped complete=True
     lifecycle: blocked reason=click_point_unavailable
  103. navigate_to_service -> Lumbridge Castle first stairs search area
     command: none
     expected: service_navigation_progress
     observed: no_click_safety_skip
     outcome: skipped complete=True
     lifecycle: blocked reason=click_point_unavailable
  104. navigate_to_service -> Lumbridge Castle first stairs search area
     command: none
     expected: service_navigation_progress
     observed: no_click_safety_skip
     outcome: skipped complete=True
     lifecycle: blocked reason=click_point_unavailable
  105. navigate_to_service -> Lumbridge Castle first stairs search area
     command: none
     expected: service_navigation_progress
     observed: no_click_safety_skip
     outcome: skipped complete=True
     lifecycle: blocked reason=click_point_unavailable
  106. navigate_to_service -> Lumbridge Castle first stairs search area
     command: none
     expected: service_navigation_progress
     observed: no_click_safety_skip
     outcome: skipped complete=True
     lifecycle: blocked reason=click_point_unavailable
  107. navigate_to_service -> Lumbridge Castle first stairs search area
     command: none
     expected: service_navigation_progress
     observed: no_click_safety_skip
     outcome: skipped complete=True
     lifecycle: blocked reason=click_point_unavailable
  108. navigate_to_service -> Lumbridge Castle first stairs search area
     command: none
     expected: service_navigation_progress
     observed: no_click_safety_skip
     outcome: skipped complete=True
     lifecycle: blocked reason=click_point_unavailable
  109. navigate_to_service -> Lumbridge Castle first stairs search area
     command: none
     expected: service_navigation_progress
     observed: no_click_safety_skip
     outcome: skipped complete=True
     lifecycle: blocked reason=click_point_unavailable
  110. navigate_to_service -> Lumbridge Castle first stairs search area
     command: none
     expected: service_navigation_progress
     observed: no_click_safety_skip
     outcome: skipped complete=True
     lifecycle: blocked reason=click_point_unavailable
  111. navigate_to_service -> Lumbridge Castle first stairs search area
     command: none
     expected: service_navigation_progress
     observed: no_click_safety_skip
     outcome: skipped complete=True
     lifecycle: blocked reason=click_point_unavailable
  112. navigate_to_service -> Lumbridge Castle first stairs search area
     command: none
     expected: service_navigation_progress
     observed: no_click_safety_skip
     outcome: skipped complete=True
     lifecycle: blocked reason=click_point_unavailable
  113. navigate_to_service -> Lumbridge Castle first stairs search area
     command: none
     expected: service_navigation_progress
     observed: no_click_safety_skip
     outcome: skipped complete=True
     lifecycle: blocked reason=click_point_unavailable
  114. navigate_to_service -> Lumbridge Castle first stairs search area
     command: none
     expected: service_navigation_progress
     observed: no_click_safety_skip
     outcome: skipped complete=True
     lifecycle: blocked reason=click_point_unavailable
  115. navigate_to_service -> Lumbridge Castle first stairs search area
     command: none
     expected: service_navigation_progress
     observed: no_click_safety_skip
     outcome: skipped complete=True
     lifecycle: blocked reason=click_point_unavailable
  116. navigate_to_service -> Lumbridge Castle first stairs search area
     command: none
     expected: service_navigation_progress
     observed: no_click_safety_skip
     outcome: skipped complete=True
     lifecycle: blocked reason=click_point_unavailable
  117. navigate_to_service -> Lumbridge Castle first stairs search area
     command: none
     expected: service_navigation_progress
     observed: no_click_safety_skip
     outcome: skipped complete=True
     lifecycle: blocked reason=click_point_unavailable
  118. navigate_to_service -> Lumbridge Castle first stairs search area
     command: none
     expected: service_navigation_progress
     observed: no_click_safety_skip
     outcome: skipped complete=True
     lifecycle: blocked reason=click_point_unavailable
  119. navigate_to_service -> Lumbridge Castle first stairs search area
     command: none
     expected: service_navigation_progress
     observed: no_click_safety_skip
     outcome: skipped complete=True
     lifecycle: blocked reason=click_point_unavailable
  120. navigate_to_service -> Lumbridge Castle first stairs search area
     command: none
     expected: service_navigation_progress
     observed: no_click_safety_skip
     outcome: skipped complete=True
     lifecycle: blocked reason=click_point_unavailable
  121. navigate_to_service -> Lumbridge Castle first stairs search area
     command: none
     expected: service_navigation_progress
     observed: no_click_safety_skip
     outcome: skipped complete=True
     lifecycle: blocked reason=click_point_unavailable
  122. navigate_to_service -> Lumbridge Castle first stairs search area
     command: none
     expected: service_navigation_progress
     observed: no_click_safety_skip
     outcome: skipped complete=True
     lifecycle: blocked reason=click_point_unavailable
  123. navigate_to_service -> Lumbridge Castle first stairs search area
     command: none
     expected: service_navigation_progress
     observed: no_click_safety_skip
     outcome: skipped complete=True
     lifecycle: blocked reason=click_point_unavailable
  124. navigate_to_service -> Lumbridge Castle first stairs search area
     command: none
     expected: service_navigation_progress
     observed: no_click_safety_skip
     outcome: skipped complete=True
     lifecycle: blocked reason=click_point_unavailable
  125. navigate_to_service -> Lumbridge Castle first stairs search area
     command: none
     expected: service_navigation_progress
     observed: no_click_safety_skip
     outcome: skipped complete=True
     lifecycle: blocked reason=click_point_unavailable
  126. navigate_to_service -> Lumbridge Castle first stairs search area
     command: none
     expected: service_navigation_progress
     observed: no_click_safety_skip
     outcome: skipped complete=True
     lifecycle: blocked reason=click_point_unavailable
  127. navigate_to_service -> Lumbridge Castle first stairs search area
     command: none
     expected: service_navigation_progress
     observed: no_click_safety_skip
     outcome: skipped complete=True
     lifecycle: blocked reason=click_point_unavailable
  128. navigate_to_service -> Lumbridge Castle first stairs search area
     command: none
     expected: service_navigation_progress
     observed: no_click_safety_skip
     outcome: skipped complete=True
     lifecycle: blocked reason=click_point_unavailable
  129. navigate_to_service -> Lumbridge Castle first stairs search area
     command: none
     expected: service_navigation_progress
     observed: no_click_safety_skip
     outcome: skipped complete=True
     lifecycle: blocked reason=click_point_unavailable
  130. navigate_to_service -> Lumbridge Castle first stairs search area
     command: none
     expected: service_navigation_progress
     observed: no_click_safety_skip
     outcome: skipped complete=True
     lifecycle: blocked reason=click_point_unavailable
  131. navigate_to_service -> Lumbridge Castle first stairs search area
     command: none
     expected: service_navigation_progress
     observed: no_click_safety_skip
     outcome: skipped complete=True
     lifecycle: blocked reason=click_point_unavailable
  132. navigate_to_service -> Lumbridge Castle first stairs search area
     command: none
     expected: service_navigation_progress
     observed: no_click_safety_skip
     outcome: skipped complete=True
     lifecycle: blocked reason=click_point_unavailable
  133. navigate_to_service -> Lumbridge Castle first stairs search area
     command: none
     expected: service_navigation_progress
     observed: no_click_safety_skip
     outcome: skipped complete=True
     lifecycle: blocked reason=click_point_unavailable
  134. navigate_to_service -> Lumbridge Castle first stairs search area
     command: none
     expected: service_navigation_progress
     observed: no_click_safety_skip
     outcome: skipped complete=True
     lifecycle: blocked reason=click_point_unavailable
  135. navigate_to_service -> Lumbridge Castle first stairs search area
     command: none
     expected: service_navigation_progress
     observed: no_click_safety_skip
     outcome: skipped complete=True
     lifecycle: blocked reason=click_point_unavailable
  136. navigate_to_service -> Lumbridge Castle first stairs search area
     command: none
     expected: service_navigation_progress
     observed: no_click_safety_skip
     outcome: skipped complete=True
     lifecycle: blocked reason=click_point_unavailable
  137. navigate_to_service -> Lumbridge Castle first stairs search area
     command: none
     expected: service_navigation_progress
     observed: no_click_safety_skip
     outcome: skipped complete=True
     lifecycle: blocked reason=click_point_unavailable
  138. navigate_to_service -> Lumbridge Castle first stairs search area
     command: none
     expected: service_navigation_progress
     observed: no_click_safety_skip
     outcome: skipped complete=True
     lifecycle: blocked reason=click_point_unavailable
  139. navigate_to_service -> Lumbridge Castle first stairs search area
     command: none
     expected: service_navigation_progress
     observed: no_click_safety_skip
     outcome: skipped complete=True
     lifecycle: blocked reason=click_point_unavailable
  140. navigate_to_service -> Lumbridge Castle first stairs search area
     command: none
     expected: service_navigation_progress
     observed: no_click_safety_skip
     outcome: skipped complete=True
     lifecycle: blocked reason=click_point_unavailable
  141. navigate_to_service -> Lumbridge Castle first stairs search area
     command: none
     expected: service_navigation_progress
     observed: no_click_safety_skip
     outcome: skipped complete=True
     lifecycle: blocked reason=click_point_unavailable
  142. navigate_to_service -> Lumbridge Castle first stairs search area
     command: none
     expected: service_navigation_progress
     observed: no_click_safety_skip
     outcome: skipped complete=True
     lifecycle: blocked reason=click_point_unavailable
  143. navigate_to_service -> Lumbridge Castle first stairs search area
     command: none
     expected: service_navigation_progress
     observed: no_click_safety_skip
     outcome: skipped complete=True
     lifecycle: blocked reason=click_point_unavailable
  144. navigate_to_service -> Lumbridge Castle first stairs search area
     command: none
     expected: service_navigation_progress
     observed: no_click_safety_skip
     outcome: skipped complete=True
     lifecycle: blocked reason=click_point_unavailable
  145. navigate_to_service -> Lumbridge Castle first stairs search area
     command: none
     expected: service_navigation_progress
     observed: no_click_safety_skip
     outcome: skipped complete=True
     lifecycle: blocked reason=click_point_unavailable
  146. navigate_to_service -> Lumbridge Castle first stairs search area
     command: none
     expected: service_navigation_progress
     observed: no_click_safety_skip
     outcome: skipped complete=True
     lifecycle: blocked reason=click_point_unavailable
  147. navigate_to_service -> Lumbridge Castle first stairs search area
     command: none
     expected: service_navigation_progress
     observed: no_click_safety_skip
     outcome: skipped complete=True
     lifecycle: blocked reason=click_point_unavailable
  148. navigate_to_service -> Lumbridge Castle first stairs search area
     command: none
     expected: service_navigation_progress
     observed: no_click_safety_skip
     outcome: skipped complete=True
     lifecycle: blocked reason=click_point_unavailable
  149. navigate_to_service -> Lumbridge Castle first stairs search area
     command: none
     expected: service_navigation_progress
     observed: no_click_safety_skip
     outcome: skipped complete=True
     lifecycle: blocked reason=click_point_unavailable
  150. navigate_to_service -> Lumbridge Castle first stairs search area
     command: none
     expected: service_navigation_progress
     observed: no_click_safety_skip
     outcome: skipped complete=True
     lifecycle: blocked reason=click_point_unavailable
  151. navigate_to_service -> Lumbridge Castle first stairs search area
     command: none
     expected: service_navigation_progress
     observed: no_click_safety_skip
     outcome: skipped complete=True
     lifecycle: blocked reason=click_point_unavailable
  152. navigate_to_service -> Lumbridge Castle first stairs search area
     command: none
     expected: service_navigation_progress
     observed: no_click_safety_skip
     outcome: skipped complete=True
     lifecycle: blocked reason=click_point_unavailable
  153. navigate_to_service -> Lumbridge Castle first stairs search area
     command: none
     expected: service_navigation_progress
     observed: no_click_safety_skip
     outcome: skipped complete=True
     lifecycle: blocked reason=click_point_unavailable
  154. navigate_to_service -> Lumbridge Castle first stairs search area
     command: none
     expected: service_navigation_progress
     observed: no_click_safety_skip
     outcome: skipped complete=True
     lifecycle: blocked reason=click_point_unavailable
  155. navigate_to_service -> Lumbridge Castle first stairs search area
     command: none
     expected: service_navigation_progress
     observed: no_click_safety_skip
     outcome: skipped complete=True
     lifecycle: blocked reason=click_point_unavailable
  156. navigate_to_service -> Lumbridge Castle first stairs search area
     command: none
     expected: service_navigation_progress
     observed: no_click_safety_skip
     outcome: skipped complete=True
     lifecycle: blocked reason=click_point_unavailable
  157. navigate_to_service -> Lumbridge Castle first stairs search area
     command: none
     expected: service_navigation_progress
     observed: no_click_safety_skip
     outcome: skipped complete=True
     lifecycle: blocked reason=click_point_unavailable
  158. navigate_to_service -> Lumbridge Castle first stairs search area
     command: none
     expected: service_navigation_progress
     observed: no_click_safety_skip
     outcome: skipped complete=True
     lifecycle: blocked reason=click_point_unavailable
  159. navigate_to_service -> Lumbridge Castle first stairs search area
     command: none
     expected: service_navigation_progress
     observed: no_click_safety_skip
     outcome: skipped complete=True
     lifecycle: blocked reason=click_point_unavailable
  160. navigate_to_service -> Lumbridge Castle first stairs search area
     command: none
     expected: service_navigation_progress
     observed: no_click_safety_skip
     outcome: skipped complete=True
     lifecycle: blocked reason=click_point_unavailable
  161. navigate_to_service -> Lumbridge Castle first stairs search area
     command: none
     expected: service_navigation_progress
     observed: no_click_safety_skip
     outcome: skipped complete=True
     lifecycle: blocked reason=click_point_unavailable
  162. navigate_to_service -> Lumbridge Castle first stairs search area
     command: none
     expected: service_navigation_progress
     observed: no_click_safety_skip
     outcome: skipped complete=True
     lifecycle: blocked reason=click_point_unavailable
  163. navigate_to_service -> Lumbridge Castle first stairs search area
     command: none
     expected: service_navigation_progress
     observed: no_click_safety_skip
     outcome: skipped complete=True
     lifecycle: blocked reason=click_point_unavailable
  164. navigate_to_service -> Lumbridge Castle first stairs search area
     command: none
     expected: service_navigation_progress
     observed: no_click_safety_skip
     outcome: skipped complete=True
     lifecycle: blocked reason=click_point_unavailable
  165. navigate_to_service -> Lumbridge Castle first stairs search area
     command: none
     expected: service_navigation_progress
     observed: no_click_safety_skip
     outcome: skipped complete=True
     lifecycle: blocked reason=click_point_unavailable
  166. navigate_to_service -> Lumbridge Castle first stairs search area
     command: none
     expected: service_navigation_progress
     observed: no_click_safety_skip
     outcome: skipped complete=True
     lifecycle: blocked reason=click_point_unavailable
  167. navigate_to_service -> Lumbridge Castle first stairs search area
     command: none
     expected: service_navigation_progress
     observed: no_click_safety_skip
     outcome: skipped complete=True
     lifecycle: blocked reason=click_point_unavailable
  168. navigate_to_service -> Lumbridge Castle first stairs search area
     command: none
     expected: service_navigation_progress
     observed: no_click_safety_skip
     outcome: skipped complete=True
     lifecycle: blocked reason=click_point_unavailable
  169. navigate_to_service -> Lumbridge Castle first stairs search area
     command: none
     expected: service_navigation_progress
     observed: no_click_safety_skip
     outcome: skipped complete=True
     lifecycle: blocked reason=click_point_unavailable
  170. navigate_to_service -> Lumbridge Castle first stairs search area
     command: none
     expected: service_navigation_progress
     observed: no_click_safety_skip
     outcome: skipped complete=True
     lifecycle: blocked reason=click_point_unavailable
  171. navigate_to_service -> Lumbridge Castle first stairs search area
     command: none
     expected: service_navigation_progress
     observed: no_click_safety_skip
     outcome: skipped complete=True
     lifecycle: blocked reason=click_point_unavailable
  172. navigate_to_service -> Lumbridge Castle first stairs search area
     command: none
     expected: service_navigation_progress
     observed: no_click_safety_skip
     outcome: skipped complete=True
     lifecycle: blocked reason=click_point_unavailable
  173. navigate_to_service -> Lumbridge Castle first stairs search area
     command: none
     expected: service_navigation_progress
     observed: no_click_safety_skip
     outcome: skipped complete=True
     lifecycle: blocked reason=click_point_unavailable
  174. navigate_to_service -> Lumbridge Castle first stairs search area
     command: none
     expected: service_navigation_progress
     observed: no_click_safety_skip
     outcome: skipped complete=True
     lifecycle: blocked reason=click_point_unavailable
  175. navigate_to_service -> Lumbridge Castle first stairs search area
     command: none
     expected: service_navigation_progress
     observed: no_click_safety_skip
     outcome: skipped complete=True
     lifecycle: blocked reason=click_point_unavailable
  176. navigate_to_service -> Lumbridge Castle first stairs search area
     command: none
     expected: service_navigation_progress
     observed: no_click_safety_skip
     outcome: skipped complete=True
     lifecycle: blocked reason=click_point_unavailable
  177. navigate_to_service -> Lumbridge Castle first stairs search area
     command: none
     expected: service_navigation_progress
     observed: no_click_safety_skip
     outcome: skipped complete=True
     lifecycle: blocked reason=click_point_unavailable
  178. navigate_to_service -> Lumbridge Castle first stairs search area
     command: none
     expected: service_navigation_progress
     observed: no_click_safety_skip
     outcome: skipped complete=True
     lifecycle: blocked reason=click_point_unavailable
  179. navigate_to_service -> Lumbridge Castle first stairs search area
     command: none
     expected: service_navigation_progress
     observed: no_click_safety_skip
     outcome: skipped complete=True
     lifecycle: blocked reason=click_point_unavailable
  180. navigate_to_service -> Lumbridge Castle first stairs search area
     command: none
     expected: service_navigation_progress
     observed: no_click_safety_skip
     outcome: skipped complete=True
     lifecycle: blocked reason=click_point_unavailable
  181. navigate_to_service -> Lumbridge Castle first stairs search area
     command: none
     expected: service_navigation_progress
     observed: no_click_safety_skip
     outcome: skipped complete=True
     lifecycle: blocked reason=click_point_unavailable
  182. navigate_to_service -> Lumbridge Castle first stairs search area
     command: none
     expected: service_navigation_progress
     observed: no_click_safety_skip
     outcome: skipped complete=True
     lifecycle: blocked reason=click_point_unavailable
  183. navigate_to_service -> Lumbridge Castle first stairs search area
     command: none
     expected: service_navigation_progress
     observed: no_click_safety_skip
     outcome: skipped complete=True
     lifecycle: blocked reason=click_point_unavailable
  184. navigate_to_service -> Lumbridge Castle first stairs search area
     command: none
     expected: service_navigation_progress
     observed: no_click_safety_skip
     outcome: skipped complete=True
     lifecycle: blocked reason=click_point_unavailable
  185. navigate_to_service -> Lumbridge Castle first stairs search area
     command: none
     expected: service_navigation_progress
     observed: no_click_safety_skip
     outcome: skipped complete=True
     lifecycle: blocked reason=click_point_unavailable
  186. navigate_to_service -> Lumbridge Castle first stairs search area
     command: none
     expected: service_navigation_progress
     observed: no_click_safety_skip
     outcome: skipped complete=True
     lifecycle: blocked reason=click_point_unavailable
  187. navigate_to_service -> Lumbridge Castle first stairs search area
     command: none
     expected: service_navigation_progress
     observed: no_click_safety_skip
     outcome: skipped complete=True
     lifecycle: blocked reason=click_point_unavailable
  188. navigate_to_service -> Lumbridge Castle first stairs search area
     command: none
     expected: service_navigation_progress
     observed: no_click_safety_skip
     outcome: skipped complete=True
     lifecycle: blocked reason=click_point_unavailable
  189. navigate_to_service -> Lumbridge Castle first stairs search area
     command: none
     expected: service_navigation_progress
     observed: no_click_safety_skip
     outcome: skipped complete=True
     lifecycle: blocked reason=click_point_unavailable
  190. navigate_to_service -> Lumbridge Castle first stairs search area
     command: none
     expected: service_navigation_progress
     observed: no_click_safety_skip
     outcome: skipped complete=True
     lifecycle: blocked reason=click_point_unavailable
  191. navigate_to_service -> Lumbridge Castle first stairs search area
     command: none
     expected: service_navigation_progress
     observed: no_click_safety_skip
     outcome: skipped complete=True
     lifecycle: blocked reason=click_point_unavailable
  192. navigate_to_service -> Lumbridge Castle first stairs search area
     command: none
     expected: service_navigation_progress
     observed: no_click_safety_skip
     outcome: skipped complete=True
     lifecycle: blocked reason=click_point_unavailable
  193. navigate_to_service -> Lumbridge Castle first stairs search area
     command: none
     expected: service_navigation_progress
     observed: no_click_safety_skip
     outcome: skipped complete=True
     lifecycle: blocked reason=click_point_unavailable
  194. navigate_to_service -> Lumbridge Castle first stairs search area
     command: none
     expected: service_navigation_progress
     observed: no_click_safety_skip
     outcome: skipped complete=True
     lifecycle: blocked reason=click_point_unavailable
  195. navigate_to_service -> Lumbridge Castle first stairs search area
     command: none
     expected: service_navigation_progress
     observed: no_click_safety_skip
     outcome: skipped complete=True
     lifecycle: blocked reason=click_point_unavailable
  196. navigate_to_service -> Lumbridge Castle first stairs search area
     command: none
     expected: service_navigation_progress
     observed: no_click_safety_skip
     outcome: skipped complete=True
     lifecycle: blocked reason=click_point_unavailable
  197. navigate_to_service -> Lumbridge Castle first stairs search area
     command: none
     expected: service_navigation_progress
     observed: no_click_safety_skip
     outcome: skipped complete=True
     lifecycle: blocked reason=click_point_unavailable
  198. navigate_to_service -> Lumbridge Castle first stairs search area
     command: none
     expected: service_navigation_progress
     observed: no_click_safety_skip
     outcome: skipped complete=True
     lifecycle: blocked reason=click_point_unavailable
  199. navigate_to_service -> Lumbridge Castle first stairs search area
     command: none
     expected: service_navigation_progress
     observed: no_click_safety_skip
     outcome: skipped complete=True
     lifecycle: blocked reason=click_point_unavailable
  200. navigate_to_service -> Lumbridge Castle first stairs search area
     command: none
     expected: service_navigation_progress
     observed: no_click_safety_skip
     outcome: skipped complete=True
     lifecycle: blocked reason=click_point_unavailable
  201. navigate_to_service -> Lumbridge Castle first stairs search area
     command: none
     expected: service_navigation_progress
     observed: no_click_safety_skip
     outcome: skipped complete=True
     lifecycle: blocked reason=click_point_unavailable
  202. navigate_to_service -> Lumbridge Castle first stairs search area
     command: none
     expected: service_navigation_progress
     observed: no_click_safety_skip
     outcome: skipped complete=True
     lifecycle: blocked reason=click_point_unavailable
  203. navigate_to_service -> Lumbridge Castle first stairs search area
     command: none
     expected: service_navigation_progress
     observed: no_click_safety_skip
     outcome: skipped complete=True
     lifecycle: blocked reason=click_point_unavailable
  204. navigate_to_service -> Lumbridge Castle first stairs search area
     command: none
     expected: service_navigation_progress
     observed: no_click_safety_skip
     outcome: skipped complete=True
     lifecycle: blocked reason=click_point_unavailable
  205. navigate_to_service -> Lumbridge Castle first stairs search area
     command: none
     expected: service_navigation_progress
     observed: no_click_safety_skip
     outcome: skipped complete=True
     lifecycle: blocked reason=click_point_unavailable
  206. navigate_to_service -> Lumbridge Castle first stairs search area
     command: none
     expected: service_navigation_progress
     observed: no_click_safety_skip
     outcome: skipped complete=True
     lifecycle: blocked reason=click_point_unavailable
  207. navigate_to_service -> Lumbridge Castle first stairs search area
     command: none
     expected: service_navigation_progress
     observed: no_click_safety_skip
     outcome: skipped complete=True
     lifecycle: blocked reason=click_point_unavailable
  208. navigate_to_service -> Lumbridge Castle first stairs search area
     command: none
     expected: service_navigation_progress
     observed: no_click_safety_skip
     outcome: skipped complete=True
     lifecycle: blocked reason=click_point_unavailable
  209. navigate_to_service -> Lumbridge Castle first stairs search area
     command: none
     expected: service_navigation_progress
     observed: no_click_safety_skip
     outcome: skipped complete=True
     lifecycle: blocked reason=click_point_unavailable
  210. navigate_to_service -> Lumbridge Castle first stairs search area
     command: none
     expected: service_navigation_progress
     observed: no_click_safety_skip
     outcome: skipped complete=True
     lifecycle: blocked reason=click_point_unavailable
  211. navigate_to_service -> Lumbridge Castle first stairs search area
     command: none
     expected: service_navigation_progress
     observed: no_click_safety_skip
     outcome: skipped complete=True
     lifecycle: blocked reason=click_point_unavailable
  212. navigate_to_service -> Lumbridge Castle first stairs search area
     command: none
     expected: service_navigation_progress
     observed: no_click_safety_skip
     outcome: skipped complete=True
     lifecycle: blocked reason=click_point_unavailable
  213. navigate_to_service -> Lumbridge Castle first stairs search area
     command: none
     expected: service_navigation_progress
     observed: no_click_safety_skip
     outcome: skipped complete=True
     lifecycle: blocked reason=click_point_unavailable
  214. navigate_to_service -> Lumbridge Castle first stairs search area
     command: none
     expected: service_navigation_progress
     observed: no_click_safety_skip
     outcome: skipped complete=True
     lifecycle: blocked reason=click_point_unavailable
  215. navigate_to_service -> Lumbridge Castle first stairs search area
     command: none
     expected: service_navigation_progress
     observed: no_click_safety_skip
     outcome: skipped complete=True
     lifecycle: blocked reason=click_point_unavailable
  216. navigate_to_service -> Lumbridge Castle first stairs search area
     command: none
     expected: service_navigation_progress
     observed: no_click_safety_skip
     outcome: skipped complete=True
     lifecycle: blocked reason=click_point_unavailable
  217. navigate_to_service -> Lumbridge Castle first stairs search area
     command: none
     expected: service_navigation_progress
     observed: no_click_safety_skip
     outcome: skipped complete=True
     lifecycle: blocked reason=click_point_unavailable
  218. navigate_to_service -> Lumbridge Castle first stairs search area
     command: none
     expected: service_navigation_progress
     observed: no_click_safety_skip
     outcome: skipped complete=True
     lifecycle: blocked reason=click_point_unavailable
  219. navigate_to_service -> Lumbridge Castle first stairs search area
     command: none
     expected: service_navigation_progress
     observed: no_click_safety_skip
     outcome: skipped complete=True
     lifecycle: blocked reason=click_point_unavailable
  220. navigate_to_service -> Lumbridge Castle first stairs search area
     command: none
     expected: service_navigation_progress
     observed: no_click_safety_skip
     outcome: skipped complete=True
     lifecycle: blocked reason=click_point_unavailable
  221. navigate_to_service -> Lumbridge Castle first stairs search area
     command: none
     expected: service_navigation_progress
     observed: no_click_safety_skip
     outcome: skipped complete=True
     lifecycle: blocked reason=click_point_unavailable
  222. navigate_to_service -> Lumbridge Castle first stairs search area
     command: none
     expected: service_navigation_progress
     observed: no_click_safety_skip
     outcome: skipped complete=True
     lifecycle: blocked reason=click_point_unavailable
  223. navigate_to_service -> Lumbridge Castle first stairs search area
     command: none
     expected: service_navigation_progress
     observed: no_click_safety_skip
     outcome: skipped complete=True
     lifecycle: blocked reason=click_point_unavailable
  224. navigate_to_service -> Lumbridge Castle first stairs search area
     command: none
     expected: service_navigation_progress
     observed: no_click_safety_skip
     outcome: skipped complete=True
     lifecycle: blocked reason=click_point_unavailable
  225. navigate_to_service -> Lumbridge Castle first stairs search area
     command: none
     expected: service_navigation_progress
     observed: no_click_safety_skip
     outcome: skipped complete=True
     lifecycle: blocked reason=click_point_unavailable
  226. navigate_to_service -> Lumbridge Castle first stairs search area
     command: none
     expected: service_navigation_progress
     observed: no_click_safety_skip
     outcome: skipped complete=True
     lifecycle: blocked reason=click_point_unavailable
  227. navigate_to_service -> Lumbridge Castle first stairs search area
     command: none
     expected: service_navigation_progress
     observed: no_click_safety_skip
     outcome: skipped complete=True
     lifecycle: blocked reason=click_point_unavailable
  228. navigate_to_service -> Lumbridge Castle first stairs search area
     command: none
     expected: service_navigation_progress
     observed: no_click_safety_skip
     outcome: skipped complete=True
     lifecycle: blocked reason=click_point_unavailable
  229. navigate_to_service -> Lumbridge Castle first stairs search area
     command: none
     expected: service_navigation_progress
     observed: no_click_safety_skip
     outcome: skipped complete=True
     lifecycle: blocked reason=click_point_unavailable
  230. navigate_to_service -> Lumbridge Castle first stairs search area
     command: none
     expected: service_navigation_progress
     observed: no_click_safety_skip
     outcome: skipped complete=True
     lifecycle: blocked reason=click_point_unavailable
  231. navigate_to_service -> Lumbridge Castle first stairs search area
     command: none
     expected: service_navigation_progress
     observed: no_click_safety_skip
     outcome: skipped complete=True
     lifecycle: blocked reason=click_point_unavailable
  232. navigate_to_service -> Lumbridge Castle first stairs search area
     command: none
     expected: service_navigation_progress
     observed: no_click_safety_skip
     outcome: skipped complete=True
     lifecycle: blocked reason=click_point_unavailable
  233. navigate_to_service -> Lumbridge Castle first stairs search area
     command: none
     expected: service_navigation_progress
     observed: no_click_safety_skip
     outcome: skipped complete=True
     lifecycle: blocked reason=click_point_unavailable
  234. navigate_to_service -> Lumbridge Castle first stairs search area
     command: none
     expected: service_navigation_progress
     observed: no_click_safety_skip
     outcome: skipped complete=True
     lifecycle: blocked reason=click_point_unavailable
  235. navigate_to_service -> Lumbridge Castle first stairs search area
     command: none
     expected: service_navigation_progress
     observed: no_click_safety_skip
     outcome: skipped complete=True
     lifecycle: blocked reason=click_point_unavailable
  236. navigate_to_service -> Lumbridge Castle first stairs search area
     command: none
     expected: service_navigation_progress
     observed: no_click_safety_skip
     outcome: skipped complete=True
     lifecycle: blocked reason=click_point_unavailable
  237. navigate_to_service -> Lumbridge Castle first stairs search area
     command: none
     expected: service_navigation_progress
     observed: no_click_safety_skip
     outcome: skipped complete=True
     lifecycle: blocked reason=click_point_unavailable
  238. navigate_to_service -> Lumbridge Castle first stairs search area
     command: none
     expected: service_navigation_progress
     observed: no_click_safety_skip
     outcome: skipped complete=True
     lifecycle: blocked reason=click_point_unavailable
  239. navigate_to_service -> Lumbridge Castle first stairs search area
     command: none
     expected: service_navigation_progress
     observed: no_click_safety_skip
     outcome: skipped complete=True
     lifecycle: blocked reason=click_point_unavailable
  240. navigate_to_service -> Lumbridge Castle first stairs search area
     command: none
     expected: service_navigation_progress
     observed: no_click_safety_skip
     outcome: skipped complete=True
     lifecycle: blocked reason=click_point_unavailable
  241. navigate_to_service -> Lumbridge Castle first stairs search area
     command: none
     expected: service_navigation_progress
     observed: no_click_safety_skip
     outcome: skipped complete=True
     lifecycle: blocked reason=click_point_unavailable
  242. navigate_to_service -> Lumbridge Castle first stairs search area
     command: none
     expected: service_navigation_progress
     observed: no_click_safety_skip
     outcome: skipped complete=True
     lifecycle: blocked reason=click_point_unavailable
  243. navigate_to_service -> Lumbridge Castle first stairs search area
     command: none
     expected: service_navigation_progress
     observed: no_click_safety_skip
     outcome: skipped complete=True
     lifecycle: blocked reason=click_point_unavailable
  244. navigate_to_service -> Lumbridge Castle first stairs search area
     command: none
     expected: service_navigation_progress
     observed: no_click_safety_skip
     outcome: skipped complete=True
     lifecycle: blocked reason=click_point_unavailable
  245. navigate_to_service -> Lumbridge Castle first stairs search area
     command: none
     expected: service_navigation_progress
     observed: no_click_safety_skip
     outcome: skipped complete=True
     lifecycle: blocked reason=click_point_unavailable
  246. navigate_to_service -> Lumbridge Castle first stairs search area
     command: none
     expected: service_navigation_progress
     observed: no_click_safety_skip
     outcome: skipped complete=True
     lifecycle: blocked reason=click_point_unavailable
  247. navigate_to_service -> Lumbridge Castle first stairs search area
     command: none
     expected: service_navigation_progress
     observed: no_click_safety_skip
     outcome: skipped complete=True
     lifecycle: blocked reason=click_point_unavailable
  248. navigate_to_service -> Lumbridge Castle first stairs search area
     command: none
     expected: service_navigation_progress
     observed: no_click_safety_skip
     outcome: skipped complete=True
     lifecycle: blocked reason=click_point_unavailable
  249. navigate_to_service -> Lumbridge Castle first stairs search area
     command: none
     expected: service_navigation_progress
     observed: no_click_safety_skip
     outcome: skipped complete=True
     lifecycle: blocked reason=click_point_unavailable
  250. navigate_to_service -> Lumbridge Castle first stairs search area
     command: none
     expected: service_navigation_progress
     observed: no_click_safety_skip
     outcome: skipped complete=True
     lifecycle: blocked reason=click_point_unavailable
  251. navigate_to_service -> Lumbridge Castle first stairs search area
     command: none
     expected: service_navigation_progress
     observed: no_click_safety_skip
     outcome: skipped complete=True
     lifecycle: blocked reason=click_point_unavailable
  252. navigate_to_service -> Lumbridge Castle first stairs search area
     command: none
     expected: service_navigation_progress
     observed: no_click_safety_skip
     outcome: skipped complete=True
     lifecycle: blocked reason=click_point_unavailable
  253. navigate_to_service -> Lumbridge Castle first stairs search area
     command: none
     expected: service_navigation_progress
     observed: no_click_safety_skip
     outcome: skipped complete=True
     lifecycle: blocked reason=click_point_unavailable
  254. navigate_to_service -> Lumbridge Castle first stairs search area
     command: none
     expected: service_navigation_progress
     observed: no_click_safety_skip
     outcome: skipped complete=True
     lifecycle: blocked reason=click_point_unavailable
  255. navigate_to_service -> Lumbridge Castle first stairs search area
     command: none
     expected: service_navigation_progress
     observed: no_click_safety_skip
     outcome: skipped complete=True
     lifecycle: blocked reason=click_point_unavailable
  256. navigate_to_service -> Lumbridge Castle first stairs search area
     command: none
     expected: service_navigation_progress
     observed: no_click_safety_skip
     outcome: skipped complete=True
     lifecycle: blocked reason=click_point_unavailable
  257. navigate_to_service -> Lumbridge Castle first stairs search area
     command: none
     expected: service_navigation_progress
     observed: no_click_safety_skip
     outcome: skipped complete=True
     lifecycle: blocked reason=click_point_unavailable
  258. navigate_to_service -> Lumbridge Castle first stairs search area
     command: none
     expected: service_navigation_progress
     observed: no_click_safety_skip
     outcome: skipped complete=True
     lifecycle: blocked reason=click_point_unavailable
  259. navigate_to_service -> Lumbridge Castle first stairs search area
     command: none
     expected: service_navigation_progress
     observed: no_click_safety_skip
     outcome: skipped complete=True
     lifecycle: blocked reason=click_point_unavailable
  260. navigate_to_service -> Lumbridge Castle first stairs search area
     command: none
     expected: service_navigation_progress
     observed: no_click_safety_skip
     outcome: skipped complete=True
     lifecycle: blocked reason=click_point_unavailable

Warnings:
  none
